---
source: boltffi_bindgen/src/render/dart/templates.rs
expression: template.render().unwrap()
---
final class _I$ICallbackVTable extends $$ffi.Struct {
  external $$ffi.Pointer<
    $$ffi.NativeFunction<
      $$ffi.Void Function($$ffi.Uint64)
    >
  > free;

  external $$ffi.Pointer<
    $$ffi.NativeFunction<
      $$ffi.Uint64 Function($$ffi.Uint64)
    >
  > clone;

  external $$ffi.Pointer<
    $$ffi.NativeFunction<
      $$ffi.Void Function(
        $$ffi.Uint64,
        $$ffi.Uint32,
        $$ffi.Pointer<$$ffi.Uint32>,
        $$ffi.Pointer<_$$FFIStatus>,
    )
    >
  > mapU32;

  external $$ffi.Pointer<
    $$ffi.NativeFunction<
      $$ffi.Void Function(
        $$ffi.Uint64,
        $$ffi.Pointer<$$ffi.Uint8>,
        $$ffi.UintPtr,
        $$ffi.Pointer<$$ffi.Pointer<$$ffi.Uint8>>,
        $$ffi.Pointer<$$ffi.UintPtr>,
        $$ffi.Pointer<_$$FFIStatus>,
    )
    >
  > mapStringRef;

  external $$ffi.Pointer<
    $$ffi.NativeFunction<
      $$ffi.Void Function(
        $$ffi.Uint64,
        $$ffi.Pointer<$$ffi.Uint8>,
        $$ffi.UintPtr,
        $$ffi.Pointer<$$ffi.Pointer<$$ffi.Uint8>>,
        $$ffi.Pointer<$$ffi.UintPtr>,
        $$ffi.Pointer<_$$FFIStatus>,
    )
    >
  > mapString;

  external $$ffi.Pointer<
    $$ffi.NativeFunction<
      $$ffi.Void Function(
        $$ffi.Uint64,
        $$ffi.Pointer<$$ffi.Uint8>,
        $$ffi.UintPtr,
        $$ffi.Pointer<_$$FFIStatus>,
    )
    >
  > processBytes;
}

abstract interface class ICallback {
  int mapU32(
    int n,
  );

  String mapStringRef(
    String s,
  );

  String mapString(
    String s,
  );

  void processBytes(
    $$typed_data.Uint8List bytes,
  );
}

final class _I$ICallback {
  static final _$$BoltFFIHandleMap<ICallback> map = _$$BoltFFIHandleMap();

  static final _$$BoltFFIPtr vtable = (() {
    final vtable = _$$BoltFFICalloc.alloc(
      $$ffi.sizeOf<_I$ICallbackVTable>(),
    );

    vtable.ptr.cast<_I$ICallbackVTable>()
      ..ref.free = $$ffi.Pointer.fromFunction(_I$ICallback.free)
      ..ref.clone = $$ffi.Pointer.fromFunction(_I$ICallback.clone, 0)
      ..ref.mapU32 = $$ffi.Pointer.fromFunction(_I$ICallback.mapU32)
      ..ref.mapStringRef = $$ffi.Pointer.fromFunction(_I$ICallback.mapStringRef)
      ..ref.mapString = $$ffi.Pointer.fromFunction(_I$ICallback.mapString)
      ..ref.processBytes = $$ffi.Pointer.fromFunction(_I$ICallback.processBytes);

    return vtable;
  })();

  static _$$BoltFFICallbackHandle createCallbackHandle(ICallback value) {
    return $$ffi.Struct.create()
      ..handle = map.insert(value)
      ..vtable = vtable.ptr;
  }

  static void free(int handle) => map.remove(handle);

  static int clone(int handle) => map.clone(handle);

  static void mapU32(
    int _p$handle,
    int n,
    $$ffi.Pointer<$$ffi.Uint32> _p$outPtr,
    $$ffi.Pointer<_$$FFIStatus> _p$outStatus,
  ) {
    final l$impl = map.get(_p$handle);

    if (l$impl == null) {
      throw $$BoltFFIException("ICallback: invalid handle `${_p$handle}`");
    }

    try {
    } catch (e) {
    }
  }

  static void mapStringRef(
    int _p$handle,
    $$ffi.Pointer<$$ffi.Uint8> sPtr,
    int sLen,
    $$ffi.Pointer<$$ffi.Pointer<$$ffi.Uint8>> _p$outPtr,
    $$ffi.Pointer<$$ffi.UintPtr> _p$outLen,
    $$ffi.Pointer<_$$FFIStatus> _p$outStatus,
  ) {
    final l$impl = map.get(_p$handle);

    if (l$impl == null) {
      throw $$BoltFFIException("ICallback: invalid handle `${_p$handle}`");
    }

    try {
    } catch (e) {
    }
  }

  static void mapString(
    int _p$handle,
    $$ffi.Pointer<$$ffi.Uint8> sPtr,
    int sLen,
    $$ffi.Pointer<$$ffi.Pointer<$$ffi.Uint8>> _p$outPtr,
    $$ffi.Pointer<$$ffi.UintPtr> _p$outLen,
    $$ffi.Pointer<_$$FFIStatus> _p$outStatus,
  ) {
    final l$impl = map.get(_p$handle);

    if (l$impl == null) {
      throw $$BoltFFIException("ICallback: invalid handle `${_p$handle}`");
    }

    try {
    } catch (e) {
    }
  }

  static void processBytes(
    int _p$handle,
    $$ffi.Pointer<$$ffi.Uint8> bytesPtr,
    int bytesLen,
    $$ffi.Pointer<_$$FFIStatus> _p$outStatus,
  ) {
    final l$impl = map.get(_p$handle);

    if (l$impl == null) {
      throw $$BoltFFIException("ICallback: invalid handle `${_p$handle}`");
    }

    try {
    } catch (e) {
    }
  }

}
