---
source: boltffi_bindgen/src/render/dart/templates.rs
expression: template.render().unwrap()
---
final class _I$ICallbackVTable extends $$ffi.Struct {
  external $$ffi.Pointer<
    $$ffi.NativeFunction<
      $$ffi.Void Function($$ffi.Uint64)
    >
  > free;

  external $$ffi.Pointer<
    $$ffi.NativeFunction<
      $$ffi.Uint64 Function($$ffi.Uint64)
    >
  > clone;

  external $$ffi.Pointer<
    $$ffi.NativeFunction<
      $$ffi.Void Function($$ffi.Uint64, $$ffi.Uint32, $$ffi.Pointer<$$ffi.NativeFunction<$$ffi.Void Function($$ffi.Uint64, $$ffi.Uint32, $$ffi.Int32)>>, $$ffi.Uint64)
    >
  > mapU32;

  external $$ffi.Pointer<
    $$ffi.NativeFunction<
      $$ffi.Void Function($$ffi.Uint64, $$ffi.Pointer<$$ffi.Uint8>, $$ffi.UintPtr, $$ffi.Pointer<$$ffi.NativeFunction<$$ffi.Void Function($$ffi.Uint64, $$ffi.Pointer<$$ffi.Uint8>, $$ffi.UintPtr, $$ffi.Int32)>>, $$ffi.Uint64)
    >
  > mapStringRef;

  external $$ffi.Pointer<
    $$ffi.NativeFunction<
      $$ffi.Void Function($$ffi.Uint64, $$ffi.Pointer<$$ffi.Uint8>, $$ffi.UintPtr, $$ffi.Pointer<$$ffi.NativeFunction<$$ffi.Void Function($$ffi.Uint64, $$ffi.Pointer<$$ffi.Uint8>, $$ffi.UintPtr, $$ffi.Int32)>>, $$ffi.Uint64)
    >
  > mapString;

  external $$ffi.Pointer<
    $$ffi.NativeFunction<
      $$ffi.Void Function($$ffi.Uint64, $$ffi.Pointer<$$ffi.Uint8>, $$ffi.UintPtr, $$ffi.Pointer<$$ffi.NativeFunction<$$ffi.Void Function($$ffi.Uint64, $$ffi.Int32)>>, $$ffi.Uint64)
    >
  > processBytes;
}

abstract interface class ICallback {
  Future<int> mapU32(int n);

  Future<String> mapStringRef(String s);

  Future<String> mapString(String s);

  Future<void> processBytes($$typed_data.Uint8List bytes);
}

final class _I$ICallback {
  static final _$$BoltFFIHandleMap<ICallback> map = _$$BoltFFIHandleMap();

  static final _$$BoltCallocPtr<_I$ICallbackVTable> vtable = (() {
    final vtable = _$$BoltCalloc.alloc<_I$ICallbackVTable>(
      $$ffi.sizeOf<_I$ICallbackVTable>(),
    );

    vtable.ptr
      ..ref.free = $$ffi.Pointer.fromFunction(_I$ICallback.free)
      ..ref.clone = $$ffi.Pointer.fromFunction(_I$ICallback.clone, 0)
      ..ref.mapU32 = $$ffi.Pointer.fromFunction(_I$ICallback.mapU32)
      ..ref.mapStringRef = $$ffi.Pointer.fromFunction(_I$ICallback.mapStringRef)
      ..ref.mapString = $$ffi.Pointer.fromFunction(_I$ICallback.mapString)
      ..ref.processBytes = $$ffi.Pointer.fromFunction(_I$ICallback.processBytes);

    return vtable;
  })();

  static _$$BoltCallbackHandle createCallbackHandle(ICallback value) {
    return $$ffi.Struct.create()
      ..handle = map.insert(value)
      ..vtable = vtable.ptr.cast<$$ffi.Void>();
  }

  static void free(int handle) => map.remove(handle);

  static int clone(int handle) => map.clone(handle);

  static void mapU32(int _p$handle, int n, $$ffi.Pointer<$$ffi.NativeFunction<$$ffi.Void Function($$ffi.Uint64, $$ffi.Uint32, $$ffi.Int32)>> _p$callback, int _p$asyncCtx) async {
    final l$impl = map.get(_p$handle);

    if (l$impl == null) {
      throw $$BoltException("ICallback: invalid handle `${_p$handle}`");
    }

    try {
      final l$n = n;
      final _l$res = await l$impl.mapU32(l$n);
      _p$callback.asFunction<void Function(int, int, int)>()(_p$asyncCtx, _l$res, 0);
    } catch (e) {
      _p$callback.asFunction<void Function(int, int, int)>()(_p$asyncCtx, 0, 1);
    }
  }

  static void mapStringRef(int _p$handle, $$ffi.Pointer<$$ffi.Uint8> sPtr, int sLen, $$ffi.Pointer<$$ffi.NativeFunction<$$ffi.Void Function($$ffi.Uint64, $$ffi.Pointer<$$ffi.Uint8>, $$ffi.UintPtr, $$ffi.Int32)>> _p$callback, int _p$asyncCtx) async {
    final l$impl = map.get(_p$handle);

    if (l$impl == null) {
      throw $$BoltException("ICallback: invalid handle `${_p$handle}`");
    }

    try {
      final l$sWire = _$$BoltWireDecoder(_$$BoltBufReader.fromSpan(sPtr, sLen));
      final l$s = l$sWire.readString();
      final _l$res = await l$impl.mapStringRef(l$s);
      final _l$resStorage = _$$BoltCalloc.allocUnmanaged<$$ffi.Uint8>((4 + (_l$res.length * 3)));
      final _l$resWriter = _$$BoltWireEncoder(_$$BoltBufWriter.fromSpan(_l$resStorage.ptr, _l$resStorage.len));
      _l$resWriter.writeString(_l$res);
      _p$callback.asFunction<void Function(int, $$ffi.Pointer<$$ffi.Uint8>, int, int)>()(_p$asyncCtx, _l$resStorage.ptr, _l$resWriter.len, 0);
    } catch (e) {
      _p$callback.asFunction<void Function(int, $$ffi.Pointer<$$ffi.Uint8>, int, int)>()(_p$asyncCtx, $$ffi.nullptr, 0, 1);
    }
  }

  static void mapString(int _p$handle, $$ffi.Pointer<$$ffi.Uint8> sPtr, int sLen, $$ffi.Pointer<$$ffi.NativeFunction<$$ffi.Void Function($$ffi.Uint64, $$ffi.Pointer<$$ffi.Uint8>, $$ffi.UintPtr, $$ffi.Int32)>> _p$callback, int _p$asyncCtx) async {
    final l$impl = map.get(_p$handle);

    if (l$impl == null) {
      throw $$BoltException("ICallback: invalid handle `${_p$handle}`");
    }

    try {
      final l$sWire = _$$BoltWireDecoder(_$$BoltBufReader.fromSpan(sPtr, sLen));
      final l$s = l$sWire.readString();
      final _l$res = await l$impl.mapString(l$s);
      final _l$resStorage = _$$BoltCalloc.allocUnmanaged<$$ffi.Uint8>((4 + (_l$res.length * 3)));
      final _l$resWriter = _$$BoltWireEncoder(_$$BoltBufWriter.fromSpan(_l$resStorage.ptr, _l$resStorage.len));
      _l$resWriter.writeString(_l$res);
      _p$callback.asFunction<void Function(int, $$ffi.Pointer<$$ffi.Uint8>, int, int)>()(_p$asyncCtx, _l$resStorage.ptr, _l$resWriter.len, 0);
    } catch (e) {
      _p$callback.asFunction<void Function(int, $$ffi.Pointer<$$ffi.Uint8>, int, int)>()(_p$asyncCtx, $$ffi.nullptr, 0, 1);
    }
  }

  static void processBytes(int _p$handle, $$ffi.Pointer<$$ffi.Uint8> bytesPtr, int bytesLen, $$ffi.Pointer<$$ffi.NativeFunction<$$ffi.Void Function($$ffi.Uint64, $$ffi.Int32)>> _p$callback, int _p$asyncCtx) async {
    final l$impl = map.get(_p$handle);

    if (l$impl == null) {
      throw $$BoltException("ICallback: invalid handle `${_p$handle}`");
    }

    try {
      final l$bytesWire = _$$BoltWireDecoder(_$$BoltBufReader.fromSpan(bytesPtr, bytesLen));
      final l$bytes = l$bytesWire.readUint8List();
      final _l$res = await l$impl.processBytes(l$bytes);
      _p$callback.asFunction<void Function(int, int)>()(_p$asyncCtx, 0);
    } catch (e) {
      _p$callback.asFunction<void Function(int, int)>()(_p$asyncCtx, 1);
    }
  }
}
